$ cre workflow simulate bond-monitor --target staging-settings --non-interactive --trigger-index 0
Initializing...
Loading settings...
Checking RPC connectivity...
Compiling workflow...
✓ Workflow compiled
✓ Simulation limits enabled
  HTTP: req=120kb resp=250kb timeout=10s | ConfHTTP: req=125kb resp=500kb timeout=1m30s | Consensus obs=25kb | ChainWrite evm_report=50kb evm_gas=10000000 solana_report=265b solana_cu=300000 | WASM binary=100mb compressed=20mb
  Binary hash: a08383ee1f12b4e13f6c9545a4b6899447ab3bc8de7889b35e40df418285b03a
  Config hash: 91df4789cadad81fabbc759ea6240b1b0f4d6a7ab0e37f9670910bc18d448bed
2026-09-12T00:57:52Z [SIMULATION] Simulator Initialized

2026-09-12T00:57:52Z [SIMULATION] Running trigger trigger=cron-trigger@1.0.0
╭────────────────────────────────────────────────────────────────────────────────────────────────────╮
│ Trigger requested TEE Execution your trigger will run in one of the following Tees:                │
│     - AWS Nitro in us-west-2                                                                       │
│ The simulator is not a real TEE, and is meant to debug.                                            │
│ Do not use it for sensitive information.                                                           │
│ During real execution, user logs for this trigger will not be visible, and will not leave the TEE. │
│ They are presented in the simulator for debugging only.                                            │
│                                                                                                    │
╰────────────────────────────────────────────────────────────────────────────────────────────────────╯

2026-09-12T00:57:53Z [USER LOG] bond-monitor bond=1 status=Active coverage=<100% action=WARN reason=below-warn nonce=3
2026-09-12T00:57:53Z [USER LOG] VERDICT_JSON {"verdict":{"bondId":"1","action":1,"coverageObserved":"595","issuedAt":"1789154873","nonce":"3"},"signature":"0x6d1195a10364bd3b24bfb75ee3e2e28d86075598bd1852cb3f57268f2972200a0b4bf0540364e31b105c08f868688277634c1b146940a6cbd3ca0e2d4bc345211b","chainId":296,"riskGate":"0x1dFF1d5458D6a6f6af46014de76474DC3170C31B","txHash":null}
2026-09-12T00:57:53Z [USER LOG] bond-monitor bond=1 don-report=ok

✓ Workflow Simulation Result:
{
  "chainId": 296,
  "riskGate": "0x1dFF1d5458D6a6f6af46014de76474DC3170C31B",
  "signature": "0x6d1195a10364bd3b24bfb75ee3e2e28d86075598bd1852cb3f57268f2972200a0b4bf0540364e31b105c08f868688277634c1b146940a6cbd3ca0e2d4bc345211b",
  "verdict": {
    "action": 1,
    "bondId": "1",
    "coverageObserved": "595",
    "issuedAt": "1789154873",
    "nonce": "3"
  }
}

2026-09-12T00:57:53Z [SIMULATION] Execution finished signal received
2026-09-12T00:57:53Z [SIMULATION] Skipping WorkflowEngineV2
