Initializing...
Loading settings...
Checking RPC connectivity...
Compiling workflow...
✓ Workflow compiled
✓ Simulation limits enabled
  HTTP: req=120kb resp=250kb timeout=10s | ConfHTTP: req=125kb resp=500kb timeout=1m30s | Consensus obs=25kb | ChainWrite evm_report=50kb evm_gas=10000000 solana_report=265b solana_cu=300000 | WASM binary=100mb compressed=20mb
  Binary hash: e351f6e7fb32086a22230a8f3954ae1785bcb7f00bf45a20091de202ae7d6269
  Config hash: 91df4789cadad81fabbc759ea6240b1b0f4d6a7ab0e37f9670910bc18d448bed
2026-09-10T15:27:51Z [SIMULATION] Simulator Initialized

2026-09-10T15:27:51Z [SIMULATION] Running trigger trigger=cron-trigger@1.0.0
╭────────────────────────────────────────────────────────────────────────────────────────────────────╮
│ Handler requested TEE Execution                                                                    │
│ The simulator is not a real TEE, and is meant to debug.                                            │
│ Do not use it for sensitive information.                                                           │
│ During real execution, user logs for this trigger will not be visible, and will not leave the TEE. │
│ They are presented in the simulator for debugging only.                                            │
│                                                                                                    │
╰────────────────────────────────────────────────────────────────────────────────────────────────────╯

2026-09-10T15:27:52Z [USER LOG] bond-monitor bond=1 status=Active coverage=<100% action=FREEZE reason=below-freeze nonce=2
2026-09-10T15:27:52Z [USER LOG] VERDICT_JSON {"verdict":{"bondId":"1","action":2,"coverageObserved":"610","issuedAt":"1789034272","nonce":"2"},"signature":"0x3d0bd2cb48ffda934df4362e2cb60d86c58559518e3d2a2ab5dd312b5aef0bfe2698900364badb41ca1004a06ccd3a20ed47b28cff67fd7073f16431a89b4cc61b","chainId":296,"riskGate":"0x1dFF1d5458D6a6f6af46014de76474DC3170C31B","txHash":null}
2026-09-10T15:27:52Z [USER LOG] bond-monitor bond=1 don-report=ok

✓ Workflow Simulation Result:
{
  "chainId": 296,
  "riskGate": "0x1dFF1d5458D6a6f6af46014de76474DC3170C31B",
  "signature": "0x3d0bd2cb48ffda934df4362e2cb60d86c58559518e3d2a2ab5dd312b5aef0bfe2698900364badb41ca1004a06ccd3a20ed47b28cff67fd7073f16431a89b4cc61b",
  "verdict": {
    "action": 2,
    "bondId": "1",
    "coverageObserved": "610",
    "issuedAt": "1789034272",
    "nonce": "2"
  }
}

2026-09-10T15:27:52Z [SIMULATION] Execution finished signal received
2026-09-10T15:27:52Z [SIMULATION] Skipping WorkflowEngineV2

╭──────────────────────────────────────────────────────╮
│ Simulation complete! Ready to deploy your workflow?  │
│                                                      │
│ Run cre account access to request deployment access. │
╰──────────────────────────────────────────────────────╯
