$ cre workflow simulate bond-monitor --target staging-settings --non-interactive --trigger-index 0
Initializing...
Loading settings...
Checking RPC connectivity...
Compiling workflow...
✓ Workflow compiled
✓ Simulation limits enabled
  HTTP: req=120kb resp=250kb timeout=10s | ConfHTTP: req=125kb resp=500kb timeout=1m30s | Consensus obs=25kb | ChainWrite evm_report=50kb evm_gas=10000000 solana_report=265b solana_cu=300000 | WASM binary=100mb compressed=20mb
  Binary hash: a08383ee1f12b4e13f6c9545a4b6899447ab3bc8de7889b35e40df418285b03a
  Config hash: 91df4789cadad81fabbc759ea6240b1b0f4d6a7ab0e37f9670910bc18d448bed
2026-09-12T16:34:38Z [SIMULATION] Simulator Initialized

2026-09-12T16:34:38Z [SIMULATION] Running trigger trigger=cron-trigger@1.0.0
╭────────────────────────────────────────────────────────────────────────────────────────────────────╮
│ Trigger requested TEE Execution your trigger will run in one of the following Tees:                │
│     - AWS Nitro in us-west-2                                                                       │
│ The simulator is not a real TEE, and is meant to debug.                                            │
│ Do not use it for sensitive information.                                                           │
│ During real execution, user logs for this trigger will not be visible, and will not leave the TEE. │
│ They are presented in the simulator for debugging only.                                            │
│                                                                                                    │
╰────────────────────────────────────────────────────────────────────────────────────────────────────╯

2026-09-12T16:34:38Z [USER LOG] bond-monitor bond=1 status=Active coverage=<100% action=FREEZE reason=below-freeze nonce=9
2026-09-12T16:34:38Z [USER LOG] VERDICT_JSON {"verdict":{"bondId":"1","action":2,"coverageObserved":"446","issuedAt":"1789211078","nonce":"9"},"signature":"0xcef531b47de7265c28227acaa38e63054ac057e0ce0d284392f5ea6665c4ded60b75bef7d7d0fdc9c2380041ef5b2b79439696580e041bdf58e6d1de6c68c5e01b","chainId":296,"riskGate":"0x1dFF1d5458D6a6f6af46014de76474DC3170C31B","txHash":null}
2026-09-12T16:34:38Z [USER LOG] bond-monitor bond=1 don-report=ok

✓ Workflow Simulation Result:
{
  "chainId": 296,
  "riskGate": "0x1dFF1d5458D6a6f6af46014de76474DC3170C31B",
  "signature": "0xcef531b47de7265c28227acaa38e63054ac057e0ce0d284392f5ea6665c4ded60b75bef7d7d0fdc9c2380041ef5b2b79439696580e041bdf58e6d1de6c68c5e01b",
  "verdict": {
    "action": 2,
    "bondId": "1",
    "coverageObserved": "446",
    "issuedAt": "1789211078",
    "nonce": "9"
  }
}

2026-09-12T16:34:38Z [SIMULATION] Execution finished signal received
2026-09-12T16:34:38Z [SIMULATION] Skipping WorkflowEngineV2
