$ cre workflow simulate liquidation-protection --target staging-settings --non-interactive --trigger-index 0
Initializing...
Loading settings...
Checking RPC connectivity...
Compiling workflow...
✓ Workflow compiled
✓ Simulation limits enabled
  HTTP: req=120kb resp=250kb timeout=10s | ConfHTTP: req=125kb resp=500kb timeout=1m30s | Consensus obs=25kb | ChainWrite evm_report=50kb evm_gas=10000000 solana_report=265b solana_cu=300000 | WASM binary=100mb compressed=20mb
  Binary hash: 57b863b9ac57ec73c4aa43ad90b4c90673d7fcaf8776a7b4c401eeab6e52d606
  Config hash: 515b79e71ac22fffffc70893f2759c9605b8a92ceeae8c4f3e81d424764b736b
2026-09-12T00:58:02Z [SIMULATION] Simulator Initialized

2026-09-12T00:58:02Z [SIMULATION] Running trigger trigger=cron-trigger@1.0.0
╭────────────────────────────────────────────────────────────────────────────────────────────────────╮
│ Trigger requested TEE Execution your trigger will run in one of the following Tees:                │
│     - AWS Nitro in us-west-2                                                                       │
│ The simulator is not a real TEE, and is meant to debug.                                            │
│ Do not use it for sensitive information.                                                           │
│ During real execution, user logs for this trigger will not be visible, and will not leave the TEE. │
│ They are presented in the simulator for debugging only.                                            │
│                                                                                                    │
╰────────────────────────────────────────────────────────────────────────────────────────────────────╯

2026-09-12T00:58:02Z [USER LOG] liq plan=scenario-inactive (gate closed)

✓ Workflow Simulation Result:
{
  "status": "INACTIVE"
}

2026-09-12T00:58:02Z [SIMULATION] Execution finished signal received
2026-09-12T00:58:02Z [SIMULATION] Skipping WorkflowEngineV2
