Initializing...
Loading settings...
Checking RPC connectivity...
Compiling workflow...
✓ Workflow compiled
✓ Simulation limits enabled
  HTTP: req=120kb resp=250kb timeout=10s | ConfHTTP: req=125kb resp=500kb timeout=1m30s | Consensus obs=25kb | ChainWrite evm_report=50kb evm_gas=10000000 solana_report=265b solana_cu=300000 | WASM binary=100mb compressed=20mb
  Binary hash: 53a075276e31c3bd9dc123d2399c270881875c1c7a2a8192c25da54afadbf40a
  Config hash: 515b79e71ac22fffffc70893f2759c9605b8a92ceeae8c4f3e81d424764b736b
2026-09-10T14:33:36Z [SIMULATION] Simulator Initialized

2026-09-10T14:33:36Z [SIMULATION] Running trigger trigger=cron-trigger@1.0.0
╭────────────────────────────────────────────────────────────────────────────────────────────────────╮
│ Handler requested TEE Execution                                                                    │
│ The simulator is not a real TEE, and is meant to debug.                                            │
│ Do not use it for sensitive information.                                                           │
│ During real execution, user logs for this trigger will not be visible, and will not leave the TEE. │
│ They are presented in the simulator for debugging only.                                            │
│                                                                                                    │
╰────────────────────────────────────────────────────────────────────────────────────────────────────╯

2026-09-10T14:33:36Z [USER LOG] liq plan=scenario-inactive

✓ Workflow Simulation Result:
{
  "status": "INACTIVE"
}

2026-09-10T14:33:36Z [SIMULATION] Execution finished signal received
2026-09-10T14:33:36Z [SIMULATION] Skipping WorkflowEngineV2

╭──────────────────────────────────────────────────────╮
│ Simulation complete! Ready to deploy your workflow?  │
│                                                      │
│ Run cre account access to request deployment access. │
╰──────────────────────────────────────────────────────╯
